OXY1.WzEsIk9YWS0yMDI2MDkyMi1LN1E0TSIsIjIwMjYtMDktMjJUMTA6MDA6MDAuMDAwWiIsIuCuruCvgeCusOCvgeCuleCuqeCvjSBTIiwiKzkxOTg0MDAxMjM0NSIsIkxhbGd1ZGkiLCJvd25lciIsIjItNSIsMy41LG51bGwsImV2ZW5pbmciLCJUaXJ1Y2hpcmFwcGFsbGkiLG51bGwsImdpZnQtdGlsYXBpYSIsMSwxLjUsNTk2NSw2LDEyMCw2MCwibWVkaXVtIiwwLDAsImx0LWlpaS1hMSIsbnVsbCwib3h5LW5hbm8tMS41aHAiLG51bGwsbnVsbCxudWxsLDg1MDAwLDAuNjksNDUwMDAsMywwLDgsZmFsc2UsImVuIiw0MjAwMCw3LC0zMzAsInd3dy5pbnN0YWdyYW0uY29tIl0
